[2026-08-05 21:15:15] ERROR: POST /api/auth/login - Invalid email or password 
Error: Invalid email or password
    at Object.loginUser (D:\TaskPro\BackEnd\src\modules\auth\auth.service.js:155:11)
    at async D:\TaskPro\BackEnd\src\modules\auth\auth.controller.js:15:18
[2026-08-05 22:11:36] ERROR: GET /api/notifications - meta is not defined 
ReferenceError: meta is not defined
    at D:\TaskPro\BackEnd\src\modules\community\notification.controller.js:25:17
[2026-08-05 22:11:36] ERROR: GET /api/notifications - meta is not defined 
ReferenceError: meta is not defined
    at D:\TaskPro\BackEnd\src\modules\community\notification.controller.js:25:17
[2026-08-05 22:11:36] ERROR: GET /api/notifications - meta is not defined 
ReferenceError: meta is not defined
    at D:\TaskPro\BackEnd\src\modules\community\notification.controller.js:25:17
[2026-08-05 22:11:36] ERROR: GET /api/notifications - meta is not defined 
ReferenceError: meta is not defined
    at D:\TaskPro\BackEnd\src\modules\community\notification.controller.js:25:17
[2026-08-05 22:18:39] ERROR: DELETE /api/chat/6 - 
Invalid `prisma.conversationParticipant.update()` invocation in
D:\TaskPro\BackEnd\src\modules\community\chat.service.js:321:47

  318 };
  319 
  320 const deleteConversation = async (conversationId, userId) => {
→ 321   return await prisma.conversationParticipant.update(
An operation failed because it depends on one or more records that were required but not found. No record was found for an update. 
PrismaClientKnownRequestError: 
Invalid `prisma.conversationParticipant.update()` invocation in
D:\TaskPro\BackEnd\src\modules\community\chat.service.js:321:47

  318 };
  319 
  320 const deleteConversation = async (conversationId, userId) => {
→ 321   return await prisma.conversationParticipant.update(
An operation failed because it depends on one or more records that were required but not found. No record was found for an update.
    at ei.handleRequestError (D:\TaskPro\BackEnd\node_modules\@prisma\client\runtime\library.js:121:7268)
    at ei.handleAndLogRequestError (D:\TaskPro\BackEnd\node_modules\@prisma\client\runtime\library.js:121:6593)
    at ei.request (D:\TaskPro\BackEnd\node_modules\@prisma\client\runtime\library.js:121:6300)
    at async a (D:\TaskPro\BackEnd\node_modules\@prisma\client\runtime\library.js:130:9551)
    at async Object.deleteConversation (D:\TaskPro\BackEnd\src\modules\community\chat.service.js:321:10)
    at async D:\TaskPro\BackEnd\src\modules\community\chat.controller.js:120:3
[2026-08-05 22:18:46] ERROR: GET /api/notifications - meta is not defined 
ReferenceError: meta is not defined
    at D:\TaskPro\BackEnd\src\modules\community\notification.controller.js:25:17
[2026-08-05 22:18:46] ERROR: GET /api/notifications - meta is not defined 
ReferenceError: meta is not defined
    at D:\TaskPro\BackEnd\src\modules\community\notification.controller.js:25:17
[2026-08-05 22:18:56] ERROR: DELETE /api/chat/6 - 
Invalid `prisma.conversationParticipant.update()` invocation in
D:\TaskPro\BackEnd\src\modules\community\chat.service.js:321:47

  318 };
  319 
  320 const deleteConversation = async (conversationId, userId) => {
→ 321   return await prisma.conversationParticipant.update(
An operation failed because it depends on one or more records that were required but not found. No record was found for an update. 
PrismaClientKnownRequestError: 
Invalid `prisma.conversationParticipant.update()` invocation in
D:\TaskPro\BackEnd\src\modules\community\chat.service.js:321:47

  318 };
  319 
  320 const deleteConversation = async (conversationId, userId) => {
→ 321   return await prisma.conversationParticipant.update(
An operation failed because it depends on one or more records that were required but not found. No record was found for an update.
    at ei.handleRequestError (D:\TaskPro\BackEnd\node_modules\@prisma\client\runtime\library.js:121:7268)
    at ei.handleAndLogRequestError (D:\TaskPro\BackEnd\node_modules\@prisma\client\runtime\library.js:121:6593)
    at ei.request (D:\TaskPro\BackEnd\node_modules\@prisma\client\runtime\library.js:121:6300)
    at async a (D:\TaskPro\BackEnd\node_modules\@prisma\client\runtime\library.js:130:9551)
    at async Object.deleteConversation (D:\TaskPro\BackEnd\src\modules\community\chat.service.js:321:10)
    at async D:\TaskPro\BackEnd\src\modules\community\chat.controller.js:120:3
[2026-08-05 22:21:23] ERROR: GET /api/notifications - meta is not defined 
ReferenceError: meta is not defined
    at D:\TaskPro\BackEnd\src\modules\community\notification.controller.js:25:17
[2026-08-05 22:21:23] ERROR: GET /api/notifications - meta is not defined 
ReferenceError: meta is not defined
    at D:\TaskPro\BackEnd\src\modules\community\notification.controller.js:25:17
[2026-08-05 22:21:23] ERROR: GET /api/notifications - meta is not defined 
ReferenceError: meta is not defined
    at D:\TaskPro\BackEnd\src\modules\community\notification.controller.js:25:17
[2026-08-05 22:21:23] ERROR: GET /api/notifications - meta is not defined 
ReferenceError: meta is not defined
    at D:\TaskPro\BackEnd\src\modules\community\notification.controller.js:25:17
[2026-08-05 22:25:07] ERROR: DELETE /api/chat/6 - 
Invalid `prisma.conversationParticipant.update()` invocation in
D:\TaskPro\BackEnd\src\modules\community\chat.service.js:321:47

  318 };
  319 
  320 const deleteConversation = async (conversationId, userId) => {
→ 321   return await prisma.conversationParticipant.update(
An operation failed because it depends on one or more records that were required but not found. No record was found for an update. 
PrismaClientKnownRequestError: 
Invalid `prisma.conversationParticipant.update()` invocation in
D:\TaskPro\BackEnd\src\modules\community\chat.service.js:321:47

  318 };
  319 
  320 const deleteConversation = async (conversationId, userId) => {
→ 321   return await prisma.conversationParticipant.update(
An operation failed because it depends on one or more records that were required but not found. No record was found for an update.
    at ei.handleRequestError (D:\TaskPro\BackEnd\node_modules\@prisma\client\runtime\library.js:121:7268)
    at ei.handleAndLogRequestError (D:\TaskPro\BackEnd\node_modules\@prisma\client\runtime\library.js:121:6593)
    at ei.request (D:\TaskPro\BackEnd\node_modules\@prisma\client\runtime\library.js:121:6300)
    at async a (D:\TaskPro\BackEnd\node_modules\@prisma\client\runtime\library.js:130:9551)
    at async Object.deleteConversation (D:\TaskPro\BackEnd\src\modules\community\chat.service.js:321:10)
    at async D:\TaskPro\BackEnd\src\modules\community\chat.controller.js:120:3
